
Merging program properties

Removed property 0xc0000002 to merge build/main.o (0x3) and build/kernel.o (not found)
Removed property 0xc0000002 to merge build/main.o (not found) and build/debug.o (0x3)
Removed property 0xc0000002 to merge build/main.o (not found) and build/memory.o (0x3)
Removed property 0xc0000002 to merge build/main.o (not found) and build/string.o (0x3)
Removed property 0xc0000002 to merge build/main.o (not found) and build/bitmap.o (0x3)
Removed property 0xc0000002 to merge build/main.o (not found) and build/thread.o (0x3)
Removed property 0xc0000002 to merge build/main.o (not found) and build/list.o (0x3)
Removed property 0xc0000002 to merge build/main.o (not found) and build/console.o (0x3)
Removed property 0xc0000002 to merge build/main.o (not found) and build/sync.o (0x3)
Removed property 0xc0000002 to merge build/main.o (not found) and build/keyboard.o (0x3)
Removed property 0xc0000002 to merge build/main.o (not found) and build/ioqueue.o (0x3)
Removed property 0xc0000002 to merge build/main.o (not found) and build/tss.o (0x3)
Removed property 0xc0000002 to merge build/main.o (not found) and build/process.o (0x3)
Removed property 0xc0000002 to merge build/main.o (not found) and build/syscall.o (0x3)
Removed property 0xc0000002 to merge build/main.o (not found) and build/syscall-init.o (0x3)
Removed property 0xc0000002 to merge build/main.o (not found) and build/stdio.o (0x3)
Removed property 0xc0000002 to merge build/main.o (not found) and build/ide.o (0x3)
Removed property 0xc0000002 to merge build/main.o (not found) and build/stdio-kernel.o (0x3)
Removed property 0xc0000002 to merge build/main.o (not found) and build/fs.o (0x3)
Removed property 0xc0000002 to merge build/main.o (not found) and build/inode.o (0x3)
Removed property 0xc0000002 to merge build/main.o (not found) and build/file.o (0x3)
Removed property 0xc0000002 to merge build/main.o (not found) and build/dir.o (0x3)
Removed property 0xc0000002 to merge build/main.o (not found) and build/fork.o (0x3)
Removed property 0xc0000002 to merge build/main.o (not found) and build/shell.o (0x3)
Removed property 0xc0000002 to merge build/main.o (not found) and build/assert.o (0x3)
Removed property 0xc0000002 to merge build/main.o (not found) and build/buildin_cmd.o (0x3)
Removed property 0xc0000002 to merge build/main.o (not found) and build/exec.o (0x3)
Removed property 0xc0000002 to merge build/main.o (not found) and build/wait_exit.o (0x3)
Removed property 0xc0000002 to merge build/main.o (not found) and build/pipe.o (0x3)

Allocating common symbols
Common symbol       size              file

pid_pool            0x28              build/thread.o
kbd_buf             0x6c              build/keyboard.o
root_dir            0x208             build/dir.o
thread_ready_list   0x10              build/thread.o
thread_all_list     0x10              build/thread.o
user_pool           0x2c              build/memory.o
channel_cnt         0x1               build/ide.o
cur_part            0x4               build/fs.o
k_block_descs       0xa8              build/memory.o
idle_thread         0x4               build/thread.o
intr_name           0x204             build/interrupt.o
main_thread         0x4               build/thread.o
channels            0xcc0             build/ide.o
ticks               0x4               build/timer.o
kernel_vaddr        0xc               build/memory.o
syscall_table       0x80              build/syscall-init.o
idt_table           0x204             build/interrupt.o
file_table          0x180             build/file.o
partition_list      0x10              build/ide.o
kernel_pool         0x2c              build/memory.o
pid_lock            0x1c              build/thread.o

Discarded input sections

 .group         0x0000000000000000        0x8 build/main.o
 .note.GNU-stack
                0x0000000000000000        0x0 build/main.o
 .note.gnu.property
                0x0000000000000000       0x1c build/main.o
 .group         0x0000000000000000        0x8 build/init.o
 .text.__x86.get_pc_thunk.bx
                0x0000000000000000        0x4 build/init.o
 .note.GNU-stack
                0x0000000000000000        0x0 build/init.o
 .note.gnu.property
                0x0000000000000000       0x1c build/init.o
 .group         0x0000000000000000        0x8 build/interrupt.o
 .group         0x0000000000000000        0x8 build/interrupt.o
 .text.__x86.get_pc_thunk.bx
                0x0000000000000000        0x4 build/interrupt.o
 .note.GNU-stack
                0x0000000000000000        0x0 build/interrupt.o
 .note.gnu.property
                0x0000000000000000       0x1c build/interrupt.o
 .group         0x0000000000000000        0x8 build/timer.o
 .group         0x0000000000000000        0x8 build/timer.o
 .group         0x0000000000000000        0x8 build/timer.o
 .text.__x86.get_pc_thunk.ax
                0x0000000000000000        0x4 build/timer.o
 .text.__x86.get_pc_thunk.bx
                0x0000000000000000        0x4 build/timer.o
 .note.GNU-stack
                0x0000000000000000        0x0 build/timer.o
 .note.gnu.property
                0x0000000000000000       0x1c build/timer.o
 .group         0x0000000000000000        0x8 build/debug.o
 .text.__x86.get_pc_thunk.bx
                0x0000000000000000        0x4 build/debug.o
 .note.GNU-stack
                0x0000000000000000        0x0 build/debug.o
 .note.gnu.property
                0x0000000000000000       0x1c build/debug.o
 .group         0x0000000000000000        0x8 build/memory.o
 .group         0x0000000000000000        0x8 build/memory.o
 .text.__x86.get_pc_thunk.ax
                0x0000000000000000        0x4 build/memory.o
 .text.__x86.get_pc_thunk.bx
                0x0000000000000000        0x4 build/memory.o
 .note.GNU-stack
                0x0000000000000000        0x0 build/memory.o
 .note.gnu.property
                0x0000000000000000       0x1c build/memory.o
 .group         0x0000000000000000        0x8 build/string.o
 .text.__x86.get_pc_thunk.ax
                0x0000000000000000        0x4 build/string.o
 .note.GNU-stack
                0x0000000000000000        0x0 build/string.o
 .note.gnu.property
                0x0000000000000000       0x1c build/string.o
 .group         0x0000000000000000        0x8 build/bitmap.o
 .text.__x86.get_pc_thunk.ax
                0x0000000000000000        0x4 build/bitmap.o
 .note.GNU-stack
                0x0000000000000000        0x0 build/bitmap.o
 .note.gnu.property
                0x0000000000000000       0x1c build/bitmap.o
 .group         0x0000000000000000        0x8 build/thread.o
 .group         0x0000000000000000        0x8 build/thread.o
 .group         0x0000000000000000        0x8 build/thread.o
 .text.__x86.get_pc_thunk.ax
                0x0000000000000000        0x4 build/thread.o
 .text.__x86.get_pc_thunk.bx
                0x0000000000000000        0x4 build/thread.o
 .note.GNU-stack
                0x0000000000000000        0x0 build/thread.o
 .note.gnu.property
                0x0000000000000000       0x1c build/thread.o
 .group         0x0000000000000000        0x8 build/list.o
 .group         0x0000000000000000        0x8 build/list.o
 .text.__x86.get_pc_thunk.ax
                0x0000000000000000        0x4 build/list.o
 .text.__x86.get_pc_thunk.bx
                0x0000000000000000        0x4 build/list.o
 .note.GNU-stack
                0x0000000000000000        0x0 build/list.o
 .note.gnu.property
                0x0000000000000000       0x1c build/list.o
 .group         0x0000000000000000        0x8 build/console.o
 .group         0x0000000000000000        0x8 build/console.o
 .text.__x86.get_pc_thunk.ax
                0x0000000000000000        0x4 build/console.o
 .text.__x86.get_pc_thunk.bx
                0x0000000000000000        0x4 build/console.o
 .note.GNU-stack
                0x0000000000000000        0x0 build/console.o
 .note.gnu.property
                0x0000000000000000       0x1c build/console.o
 .group         0x0000000000000000        0x8 build/sync.o
 .group         0x0000000000000000        0x8 build/sync.o
 .text.__x86.get_pc_thunk.ax
                0x0000000000000000        0x4 build/sync.o
 .text.__x86.get_pc_thunk.bx
                0x0000000000000000        0x4 build/sync.o
 .note.GNU-stack
                0x0000000000000000        0x0 build/sync.o
 .note.gnu.property
                0x0000000000000000       0x1c build/sync.o
 .group         0x0000000000000000        0x8 build/keyboard.o
 .group         0x0000000000000000        0x8 build/keyboard.o
 .text.__x86.get_pc_thunk.ax
                0x0000000000000000        0x4 build/keyboard.o
 .text.__x86.get_pc_thunk.bx
                0x0000000000000000        0x4 build/keyboard.o
 .note.GNU-stack
                0x0000000000000000        0x0 build/keyboard.o
 .note.gnu.property
                0x0000000000000000       0x1c build/keyboard.o
 .group         0x0000000000000000        0x8 build/ioqueue.o
 .group         0x0000000000000000        0x8 build/ioqueue.o
 .text.__x86.get_pc_thunk.ax
                0x0000000000000000        0x4 build/ioqueue.o
 .text.__x86.get_pc_thunk.bx
                0x0000000000000000        0x4 build/ioqueue.o
 .note.GNU-stack
                0x0000000000000000        0x0 build/ioqueue.o
 .note.gnu.property
                0x0000000000000000       0x1c build/ioqueue.o
 .group         0x0000000000000000        0x8 build/tss.o
 .group         0x0000000000000000        0x8 build/tss.o
 .text.__x86.get_pc_thunk.ax
                0x0000000000000000        0x4 build/tss.o
 .text.__x86.get_pc_thunk.bx
                0x0000000000000000        0x4 build/tss.o
 .note.GNU-stack
                0x0000000000000000        0x0 build/tss.o
 .note.gnu.property
                0x0000000000000000       0x1c build/tss.o
 .group         0x0000000000000000        0x8 build/process.o
 .group         0x0000000000000000        0x8 build/process.o
 .text.__x86.get_pc_thunk.ax
                0x0000000000000000        0x4 build/process.o
 .text.__x86.get_pc_thunk.bx
                0x0000000000000000        0x4 build/process.o
 .note.GNU-stack
                0x0000000000000000        0x0 build/process.o
 .note.gnu.property
                0x0000000000000000       0x1c build/process.o
 .group         0x0000000000000000        0x8 build/syscall.o
 .text.__x86.get_pc_thunk.ax
                0x0000000000000000        0x4 build/syscall.o
 .note.GNU-stack
                0x0000000000000000        0x0 build/syscall.o
 .note.gnu.property
                0x0000000000000000       0x1c build/syscall.o
 .group         0x0000000000000000        0x8 build/syscall-init.o
 .group         0x0000000000000000        0x8 build/syscall-init.o
 .text.__x86.get_pc_thunk.ax
                0x0000000000000000        0x4 build/syscall-init.o
 .text.__x86.get_pc_thunk.bx
                0x0000000000000000        0x4 build/syscall-init.o
 .note.GNU-stack
                0x0000000000000000        0x0 build/syscall-init.o
 .note.gnu.property
                0x0000000000000000       0x1c build/syscall-init.o
 .group         0x0000000000000000        0x8 build/stdio.o
 .group         0x0000000000000000        0x8 build/stdio.o
 .text.__x86.get_pc_thunk.ax
                0x0000000000000000        0x4 build/stdio.o
 .text.__x86.get_pc_thunk.bx
                0x0000000000000000        0x4 build/stdio.o
 .note.GNU-stack
                0x0000000000000000        0x0 build/stdio.o
 .note.gnu.property
                0x0000000000000000       0x1c build/stdio.o
 .group         0x0000000000000000        0x8 build/ide.o
 .group         0x0000000000000000        0x8 build/ide.o
 .text.__x86.get_pc_thunk.ax
                0x0000000000000000        0x4 build/ide.o
 .text.__x86.get_pc_thunk.bx
                0x0000000000000000        0x4 build/ide.o
 .note.GNU-stack
                0x0000000000000000        0x0 build/ide.o
 .note.gnu.property
                0x0000000000000000       0x1c build/ide.o
 .group         0x0000000000000000        0x8 build/stdio-kernel.o
 .text.__x86.get_pc_thunk.bx
                0x0000000000000000        0x4 build/stdio-kernel.o
 .note.GNU-stack
                0x0000000000000000        0x0 build/stdio-kernel.o
 .note.gnu.property
                0x0000000000000000       0x1c build/stdio-kernel.o
 .group         0x0000000000000000        0x8 build/fs.o
 .group         0x0000000000000000        0x8 build/fs.o
 .text.__x86.get_pc_thunk.ax
                0x0000000000000000        0x4 build/fs.o
 .text.__x86.get_pc_thunk.bx
                0x0000000000000000        0x4 build/fs.o
 .note.GNU-stack
                0x0000000000000000        0x0 build/fs.o
 .note.gnu.property
                0x0000000000000000       0x1c build/fs.o
 .group         0x0000000000000000        0x8 build/inode.o
 .group         0x0000000000000000        0x8 build/inode.o
 .text.__x86.get_pc_thunk.ax
                0x0000000000000000        0x4 build/inode.o
 .text.__x86.get_pc_thunk.bx
                0x0000000000000000        0x4 build/inode.o
 .note.GNU-stack
                0x0000000000000000        0x0 build/inode.o
 .note.gnu.property
                0x0000000000000000       0x1c build/inode.o
 .group         0x0000000000000000        0x8 build/file.o
 .group         0x0000000000000000        0x8 build/file.o
 .group         0x0000000000000000        0x8 build/file.o
 .text.__x86.get_pc_thunk.ax
                0x0000000000000000        0x4 build/file.o
 .text.__x86.get_pc_thunk.dx
                0x0000000000000000        0x4 build/file.o
 .text.__x86.get_pc_thunk.bx
                0x0000000000000000        0x4 build/file.o
 .note.GNU-stack
                0x0000000000000000        0x0 build/file.o
 .note.gnu.property
                0x0000000000000000       0x1c build/file.o
 .group         0x0000000000000000        0x8 build/dir.o
 .group         0x0000000000000000        0x8 build/dir.o
 .text.__x86.get_pc_thunk.ax
                0x0000000000000000        0x4 build/dir.o
 .text.__x86.get_pc_thunk.bx
                0x0000000000000000        0x4 build/dir.o
 .note.GNU-stack
                0x0000000000000000        0x0 build/dir.o
 .note.gnu.property
                0x0000000000000000       0x1c build/dir.o
 .group         0x0000000000000000        0x8 build/fork.o
 .group         0x0000000000000000        0x8 build/fork.o
 .text.__x86.get_pc_thunk.ax
                0x0000000000000000        0x4 build/fork.o
 .text.__x86.get_pc_thunk.bx
                0x0000000000000000        0x4 build/fork.o
 .note.GNU-stack
                0x0000000000000000        0x0 build/fork.o
 .note.gnu.property
                0x0000000000000000       0x1c build/fork.o
 .group         0x0000000000000000        0x8 build/shell.o
 .group         0x0000000000000000        0x8 build/shell.o
 .text.__x86.get_pc_thunk.ax
                0x0000000000000000        0x4 build/shell.o
 .text.__x86.get_pc_thunk.bx
                0x0000000000000000        0x4 build/shell.o
 .note.GNU-stack
                0x0000000000000000        0x0 build/shell.o
 .note.gnu.property
                0x0000000000000000       0x1c build/shell.o
 .group         0x0000000000000000        0x8 build/assert.o
 .text.__x86.get_pc_thunk.ax
                0x0000000000000000        0x4 build/assert.o
 .note.GNU-stack
                0x0000000000000000        0x0 build/assert.o
 .note.gnu.property
                0x0000000000000000       0x1c build/assert.o
 .group         0x0000000000000000        0x8 build/buildin_cmd.o
 .group         0x0000000000000000        0x8 build/buildin_cmd.o
 .text.__x86.get_pc_thunk.ax
                0x0000000000000000        0x4 build/buildin_cmd.o
 .text.__x86.get_pc_thunk.bx
                0x0000000000000000        0x4 build/buildin_cmd.o
 .note.GNU-stack
                0x0000000000000000        0x0 build/buildin_cmd.o
 .note.gnu.property
                0x0000000000000000       0x1c build/buildin_cmd.o
 .group         0x0000000000000000        0x8 build/exec.o
 .text.__x86.get_pc_thunk.bx
                0x0000000000000000        0x4 build/exec.o
 .note.GNU-stack
                0x0000000000000000        0x0 build/exec.o
 .note.gnu.property
                0x0000000000000000       0x1c build/exec.o
 .group         0x0000000000000000        0x8 build/wait_exit.o
 .group         0x0000000000000000        0x8 build/wait_exit.o
 .text.__x86.get_pc_thunk.ax
                0x0000000000000000        0x4 build/wait_exit.o
 .text.__x86.get_pc_thunk.bx
                0x0000000000000000        0x4 build/wait_exit.o
 .note.GNU-stack
                0x0000000000000000        0x0 build/wait_exit.o
 .note.gnu.property
                0x0000000000000000       0x1c build/wait_exit.o
 .group         0x0000000000000000        0x8 build/pipe.o
 .group         0x0000000000000000        0x8 build/pipe.o
 .text.__x86.get_pc_thunk.ax
                0x0000000000000000        0x4 build/pipe.o
 .text.__x86.get_pc_thunk.bx
                0x0000000000000000        0x4 build/pipe.o
 .note.GNU-stack
                0x0000000000000000        0x0 build/pipe.o
 .note.gnu.property
                0x0000000000000000       0x1c build/pipe.o

Memory Configuration

Name             Origin             Length             Attributes
*default*        0x0000000000000000 0xffffffffffffffff

Linker script and memory map

Address of section .text set to 0xc0001500
LOAD build/main.o
LOAD build/init.o
LOAD build/interrupt.o
LOAD build/timer.o
LOAD build/kernel.o
LOAD build/print.o
LOAD build/debug.o
LOAD build/memory.o
LOAD build/string.o
LOAD build/bitmap.o
LOAD build/thread.o
LOAD build/list.o
LOAD build/switch.o
LOAD build/console.o
LOAD build/sync.o
LOAD build/keyboard.o
LOAD build/ioqueue.o
LOAD build/tss.o
LOAD build/process.o
LOAD build/syscall.o
LOAD build/syscall-init.o
LOAD build/stdio.o
LOAD build/ide.o
LOAD build/stdio-kernel.o
LOAD build/fs.o
LOAD build/inode.o
LOAD build/file.o
LOAD build/dir.o
LOAD build/fork.o
LOAD build/shell.o
LOAD build/assert.o
LOAD build/buildin_cmd.o
LOAD build/exec.o
LOAD build/wait_exit.o
LOAD build/pipe.o
                [!provide]                        PROVIDE (__executable_start = SEGMENT_START ("text-segment", 0x8048000))
                0x00000000080480d4                . = (SEGMENT_START ("text-segment", 0x8048000) + SIZEOF_HEADERS)

.interp
 *(.interp)

.note.gnu.build-id
 *(.note.gnu.build-id)

.hash
 *(.hash)

.gnu.hash
 *(.gnu.hash)

.dynsym
 *(.dynsym)

.dynstr
 *(.dynstr)

.gnu.version
 *(.gnu.version)

.gnu.version_d
 *(.gnu.version_d)

.gnu.version_r
 *(.gnu.version_r)

.rel.dyn        0x00000000080480d4        0x0
 *(.rel.init)
 *(.rel.text .rel.text.* .rel.gnu.linkonce.t.*)
 .rel.text      0x00000000080480d4        0x0 build/main.o
 *(.rel.fini)
 *(.rel.rodata .rel.rodata.* .rel.gnu.linkonce.r.*)
 *(.rel.data.rel.ro .rel.data.rel.ro.* .rel.gnu.linkonce.d.rel.ro.*)
 *(.rel.data .rel.data.* .rel.gnu.linkonce.d.*)
 *(.rel.tdata .rel.tdata.* .rel.gnu.linkonce.td.*)
 *(.rel.tbss .rel.tbss.* .rel.gnu.linkonce.tb.*)
 *(.rel.ctors)
 *(.rel.dtors)
 *(.rel.got)
 .rel.got       0x00000000080480d4        0x0 build/main.o
 *(.rel.bss .rel.bss.* .rel.gnu.linkonce.b.*)
 *(.rel.ifunc)

.rel.plt        0x00000000080480d4        0x0
 *(.rel.plt)
                [!provide]                        PROVIDE (__rel_iplt_start = .)
 *(.rel.iplt)
 .rel.iplt      0x00000000080480d4        0x0 build/main.o
                [!provide]                        PROVIDE (__rel_iplt_end = .)
                0x0000000008049000                . = ALIGN (CONSTANT (MAXPAGESIZE))

.init
 *(SORT_NONE(.init))

.plt            0x0000000008049000        0x0
 *(.plt)
 *(.iplt)
 .iplt          0x0000000008049000        0x0 build/main.o

.plt.got
 *(.plt.got)

.plt.sec
 *(.plt.sec)

.text           0x00000000c0001500     0xddb9
 *(.text.unlikely .text.*_unlikely .text.unlikely.*)
 *(.text.exit .text.exit.*)
 *(.text.startup .text.startup.*)
 *(.text.hot .text.hot.*)
 *(SORT_BY_NAME(.text.sorted.*))
 *(.text .stub .text.* .gnu.linkonce.t.*)
 .text          0x00000000c0001500       0xea build/main.o
                0x00000000c0001500                main
                0x00000000c000156e                init
 .text.__x86.get_pc_thunk.bx
                0x00000000c00015ea        0x4 build/main.o
                0x00000000c00015ea                __x86.get_pc_thunk.bx
 .text          0x00000000c00015ee       0x65 build/init.o
                0x00000000c00015ee                init_all
 .text          0x00000000c0001653      0x5ae build/interrupt.o
                0x00000000c0001a8e                register_handler
                0x00000000c0001abb                idt_init
                0x00000000c0001b3c                intr_enable
                0x00000000c0001b73                intr_disable
                0x00000000c0001baa                intr_set_status
                0x00000000c0001bd6                intr_get_status
 .text.__x86.get_pc_thunk.ax
                0x00000000c0001c01        0x4 build/interrupt.o
                0x00000000c0001c01                __x86.get_pc_thunk.ax
 .text          0x00000000c0001c05      0x26f build/timer.o
                0x00000000c0001da2                mtime_sleep
                0x00000000c0001e08                timer_init
 .text.__x86.get_pc_thunk.cx
                0x00000000c0001e74        0x4 build/timer.o
                0x00000000c0001e74                __x86.get_pc_thunk.cx
 *fill*         0x00000000c0001e78        0x8 
 .text          0x00000000c0001e80      0x565 build/kernel.o
                0x00000000c0001e80                intr_exit
                0x00000000c00023c1                syscall_handler
 *fill*         0x00000000c00023e5        0xb 
 .text          0x00000000c00023f0      0x1b7 build/print.o
                0x00000000c00023f8                put_char
                0x00000000c00024c5                put_str
                0x00000000c00024e3                put_int
                0x00000000c0002544                set_cursor
                0x00000000c0002568                cls_screen
 .text          0x00000000c00025a7       0xf8 build/debug.o
                0x00000000c00025a7                panic_spin
 .text          0x00000000c000269f     0x14f1 build/memory.o
                0x00000000c0002a4a                pte_ptr
                0x00000000c0002a88                pde_ptr
                0x00000000c0002c5e                malloc_page
                0x00000000c0002d3b                get_kernel_pages
                0x00000000c0002db3                get_user_pages
                0x00000000c0002e25                get_a_page
                0x00000000c0002fb3                addr_v2p
                0x00000000c0003030                sys_malloc
                0x00000000c000338c                pfree
                0x00000000c000350e                mfree_page
                0x00000000c0003711                sys_free
                0x00000000c0003927                block_desc_init
                0x00000000c00039cf                get_a_page_without_opvaddrbitmap
                0x00000000c0003a6e                free_a_phy_page
                0x00000000c0003af4                mem_init
 .text          0x00000000c0003b90      0x4da build/string.o
                0x00000000c0003b90                memset
                0x00000000c0003bfd                memcpy
                0x00000000c0003c78                memcmp
                0x00000000c0003d1d                strcpy
                0x00000000c0003d8c                strlen
                0x00000000c0003ded                strcmp
                0x00000000c0003e80                strchr
                0x00000000c0003ef2                strrchr
                0x00000000c0003f6a                strcat
                0x00000000c0003fee                strchrs
 .text          0x00000000c000406a      0x29d build/bitmap.o
                0x00000000c000406a                bitmap_init
                0x00000000c00040a1                bitmap_scan_test
                0x00000000c00040ef                bitmap_scan
                0x00000000c000423b                bitmap_set
 .text          0x00000000c0004307      0xe2a build/thread.o
                0x00000000c00043f6                release_pid
                0x00000000c0004494                running_thread
                0x00000000c00044e7                thread_create
                0x00000000c0004569                init_thread
                0x00000000c0004683                thread_start
                0x00000000c0004831                schedule
                0x00000000c00049b2                thread_yield
                0x00000000c0004a53                thread_exit
                0x00000000c0004b6f                pid2thread
                0x00000000c0004bc3                thread_init
                0x00000000c0004c6c                thread_block
                0x00000000c0004ce8                thread_unblock
                0x00000000c0004dbf                fork_pid
                0x00000000c00050d2                sys_ps
 .text.__x86.get_pc_thunk.dx
                0x00000000c0005131        0x4 build/thread.o
                0x00000000c0005131                __x86.get_pc_thunk.dx
 .text          0x00000000c0005135      0x287 build/list.o
                0x00000000c0005135                list_init
                0x00000000c0005171                list_insert_before
                0x00000000c00051c9                list_push
                0x00000000c00051f5                list_append
                0x00000000c0005221                list_remove
                0x00000000c000526e                list_pop
                0x00000000c000529e                elem_find
                0x00000000c00052e7                list_traversal
                0x00000000c0005352                list_len
                0x00000000c0005395                list_empty
 *fill*         0x00000000c00053bc        0x4 
 .text          0x00000000c00053c0       0x15 build/switch.o
                0x00000000c00053c0                switch_to
 .text          0x00000000c00053d5      0x131 build/console.o
                0x00000000c00053d5                console_init
                0x00000000c0005404                console_acquire
                0x00000000c0005433                console_release
                0x00000000c0005462                console_put_str
                0x00000000c0005496                console_put_char
                0x00000000c00054d2                console_put_int
 .text          0x00000000c0005506      0x3a7 build/sync.o
                0x00000000c0005506                sema_init
                0x00000000c0005544                lock_init
                0x00000000c0005582                sema_down
                0x00000000c00056a2                sema_up
                0x00000000c0005770                lock_acquire
                0x00000000c00057fa                lock_release
 .text          0x00000000c00058ad      0x346 build/keyboard.o
                0x00000000c0005b8d                keyboard_init
 .text          0x00000000c0005bf3      0x3ff build/ioqueue.o
                0x00000000c0005bf3                ioqueue_init
                0x00000000c0005c75                ioq_full
                0x00000000c0005cd8                ioq_empty
                0x00000000c0005dee                ioq_getchar
                0x00000000c0005ebe                ioq_putchar
                0x00000000c0005f91                ioq_length
 .text          0x00000000c0005ff2      0x1be build/tss.o
                0x00000000c0005ff2                update_tss_esp
                0x00000000c000608b                tss_init
 .text          0x00000000c00061b0      0x3f4 build/process.o
                0x00000000c00061b0                start_process
                0x00000000c00062c8                page_dir_activate
                0x00000000c0006311                process_activate
                0x00000000c0006378                create_page_dir
                0x00000000c0006405                create_user_vaddr_bitmap
                0x00000000c0006462                process_execute
 .text          0x00000000c00065a4      0x4da build/syscall.o
                0x00000000c00065a4                getpid
                0x00000000c00065c7                write
                0x00000000c00065f8                malloc
                0x00000000c0006625                free
                0x00000000c0006650                fork
                0x00000000c0006673                read
                0x00000000c00066a4                putchar
                0x00000000c00066d6                clear
                0x00000000c00066f7                getcwd
                0x00000000c0006727                open
                0x00000000c000675e                close
                0x00000000c000678b                lseek
                0x00000000c00067c3                unlink
                0x00000000c00067f0                mkdir
                0x00000000c000681d                opendir
                0x00000000c000684a                closedir
                0x00000000c0006877                rmdir
                0x00000000c00068a4                readdir
                0x00000000c00068d1                rewinddir
                0x00000000c00068fc                stat
                0x00000000c000692c                chdir
                0x00000000c0006959                ps
                0x00000000c000697a                execv
                0x00000000c00069aa                exit
                0x00000000c00069d5                wait
                0x00000000c0006a02                pipe
                0x00000000c0006a2f                fd_redirect
                0x00000000c0006a5d                help
 .text          0x00000000c0006a7e      0x20a build/syscall-init.o
                0x00000000c0006a7e                sys_getpid
                0x00000000c0006aa5                syscall_init
 .text          0x00000000c0006c88      0x2f1 build/stdio.o
                0x00000000c0006d1d                vsprintf
                0x00000000c0006eaf                sprintf
                0x00000000c0006eed                printf
 .text          0x00000000c0006f79      0xf0d build/ide.o
                0x00000000c0007317                ide_read
                0x00000000c00074b0                ide_write
                0x00000000c0007b7b                intr_hd_handler
                0x00000000c0007c57                ide_init
 .text          0x00000000c0007e86       0x78 build/stdio-kernel.o
                0x00000000c0007e86                printk
 .text          0x00000000c0007efe     0x25b4 build/fs.o
                0x00000000c000863f                filesys_init
                0x00000000c000886c                path_parse
                0x00000000c00088d8                path_depth_cnt
                0x00000000c0008c2d                sys_open
                0x00000000c0008eb3                fd_local2global
                0x00000000c0008f17                sys_close
                0x00000000c000903f                sys_write
                0x00000000c00091a1                sys_read
                0x00000000c0009303                sys_lseek
                0x00000000c0009410                sys_unlink
                0x00000000c0009672                sys_mkdir
                0x00000000c0009aa8                sys_opendir
                0x00000000c0009bd9                sys_closedir
                0x00000000c0009c1a                sys_readdir
                0x00000000c0009c6b                sys_rewinddir
                0x00000000c0009c89                sys_rmdir
                0x00000000c000a083                sys_getcwd
                0x00000000c000a296                sys_chdir
                0x00000000c000a338                sys_stat
                0x00000000c000a483                sys_help
 .text          0x00000000c000a4b2      0x7d8 build/inode.o
                0x00000000c000a566                inode_sync
                0x00000000c000a6a6                inode_open
                0x00000000c000a7ff                inode_close
                0x00000000c000a88e                inode_delete
                0x00000000c000a9bf                inode_release
                0x00000000c000ac25                inode_init
 .text          0x00000000c000ac8a     0x1320 build/file.o
                0x00000000c000ac8a                get_free_slot_in_global
                0x00000000c000acfc                pcb_fd_install
                0x00000000c000ad7e                inode_bitmap_alloc
                0x00000000c000add8                block_bitmap_alloc
                0x00000000c000ae3d                bitmap_sync
                0x00000000c000aeda                file_create
                0x00000000c000b1e9                file_open
                0x00000000c000b334                file_close
                0x00000000c000b38b                file_write
                0x00000000c000bbc6                file_read
 .text          0x00000000c000bfaa      0xf89 build/dir.o
                0x00000000c000bfaa                open_root_dir
                0x00000000c000bff3                dir_open
                0x00000000c000c044                search_dir_entry
                0x00000000c000c231                dir_close
                0x00000000c000c279                create_dir_entry
                0x00000000c000c301                sync_dir_entry
                0x00000000c000c767                delete_dir_entry
                0x00000000c000cc0b                dir_read
                0x00000000c000ce13                dir_is_empty
                0x00000000c000ce4f                dir_remove
 .text          0x00000000c000cf33      0x5ab build/fork.o
                0x00000000c000d2ab                sys_fork
                0x00000000c000d3fa                update_inode_open_cnts
 .text          0x00000000c000d4de      0x83a build/shell.o
                0x00000000c000d4de                print_prompt
                0x00000000c000da61                my_shell
 .text          0x00000000c000dd18       0x37 build/assert.o
                0x00000000c000dd18                user_spin
 .text          0x00000000c000dd4f      0xa43 build/buildin_cmd.o
                0x00000000c000dee2                make_clear_abs_path
                0x00000000c000dfb9                buildin_pwd
                0x00000000c000e036                buildin_cd
                0x00000000c000e0e3                buildin_ls
                0x00000000c000e4e2                buildin_ps
                0x00000000c000e51f                buildin_clear
                0x00000000c000e55c                buildin_mkdir
                0x00000000c000e60d                buildin_rmdir
                0x00000000c000e6be                buildin_rm
                0x00000000c000e76f                buildin_help
 .text          0x00000000c000e792      0x36a build/exec.o
                0x00000000c000ea45                sys_execv
 .text          0x00000000c000eafc      0x4cd build/wait_exit.o
                0x00000000c000ee21                sys_wait
                0x00000000c000eef5                sys_exit
 .text          0x00000000c000efc9      0x2f0 build/pipe.o
                0x00000000c000efc9                is_pipe
                0x00000000c000f019                sys_pipe
                0x00000000c000f115                pipe_read
                0x00000000c000f1b1                pipe_write
                0x00000000c000f25b                sys_fd_redirect
 *(.gnu.warning)

.fini
 *(SORT_NONE(.fini))
                [!provide]                        PROVIDE (__etext = .)
                [!provide]                        PROVIDE (_etext = .)
                [!provide]                        PROVIDE (etext = .)
                0x00000000c0010000                . = ALIGN (CONSTANT (MAXPAGESIZE))
                0x00000000c0010000                . = SEGMENT_START ("rodata-segment", (ALIGN (CONSTANT (MAXPAGESIZE)) + (. & (CONSTANT (MAXPAGESIZE) - 0x1))))

.rodata         0x00000000c0010000     0x29a5
 *(.rodata .rodata.* .gnu.linkonce.r.*)
 .rodata        0x00000000c0010000       0x9d build/main.o
 .rodata        0x00000000c001009d        0xa build/init.o
 *fill*         0x00000000c00100a7        0x1 
 .rodata        0x00000000c00100a8      0x2b9 build/interrupt.o
 *fill*         0x00000000c0010361        0x3 
 .rodata        0x00000000c0010364       0x88 build/timer.o
 .rodata        0x00000000c00103ec       0x3f build/debug.o
 *fill*         0x00000000c001042b        0x1 
 .rodata        0x00000000c001042c      0x3dd build/memory.o
 *fill*         0x00000000c0010809        0x3 
 .rodata        0x00000000c001080c       0xc4 build/string.o
 .rodata        0x00000000c00108d0       0x6b build/bitmap.o
 *fill*         0x00000000c001093b        0x1 
 .rodata        0x00000000c001093c      0x399 build/thread.o
 *fill*         0x00000000c0010cd5        0x3 
 .rodata        0x00000000c0010cd8      0x145 build/sync.o
 .rodata        0x00000000c0010e1d       0x36 build/keyboard.o
 *fill*         0x00000000c0010e53        0x1 
 .rodata        0x00000000c0010e54       0xa8 build/ioqueue.o
 .rodata        0x00000000c0010efc       0x27 build/tss.o
 *fill*         0x00000000c0010f23        0x1 
 .rodata        0x00000000c0010f24       0xe0 build/process.o
 .rodata        0x00000000c0011004       0x27 build/syscall-init.o
 *fill*         0x00000000c001102b        0x1 
 .rodata        0x00000000c001102c      0x1f5 build/ide.o
 *fill*         0x00000000c0011221        0x3 
 .rodata        0x00000000c0011224      0xa3f build/fs.o
 *fill*         0x00000000c0011c63        0x1 
 .rodata        0x00000000c0011c64       0xc2 build/inode.o
 *fill*         0x00000000c0011d26        0x2 
 .rodata        0x00000000c0011d28      0x436 build/file.o
 *fill*         0x00000000c001215e        0x2 
 .rodata        0x00000000c0012160      0x20f build/dir.o
 *fill*         0x00000000c001236f        0x1 
 .rodata        0x00000000c0012370      0x103 build/fork.o
 *fill*         0x00000000c0012473        0x1 
 .rodata        0x00000000c0012474      0x1ac build/shell.o
 .rodata        0x00000000c0012620       0x32 build/assert.o
 *fill*         0x00000000c0012652        0x2 
 .rodata        0x00000000c0012654      0x2fe build/buildin_cmd.o
 .rodata        0x00000000c0012952        0x8 build/exec.o
 *fill*         0x00000000c001295a        0x2 
 .rodata        0x00000000c001295c       0x49 build/wait_exit.o

.rodata1
 *(.rodata1)

.eh_frame_hdr
 *(.eh_frame_hdr)
 *(.eh_frame_entry .eh_frame_entry.*)

.eh_frame       0x00000000c00129a8     0x25ac
 *(.eh_frame)
 .eh_frame      0x00000000c00129a8       0x84 build/main.o
 .eh_frame      0x00000000c0012a2c       0x24 build/init.o
                                         0x50 (size before relaxing)
 .eh_frame      0x00000000c0012a50      0x1b4 build/interrupt.o
                                        0x1e0 (size before relaxing)
 .eh_frame      0x00000000c0012c04       0xf0 build/timer.o
                                        0x130 (size before relaxing)
 .eh_frame      0x00000000c0012cf4       0x1c build/debug.o
                                         0x48 (size before relaxing)
 .eh_frame      0x00000000c0012d10      0x324 build/memory.o
                                        0x364 (size before relaxing)
 .eh_frame      0x00000000c0013034      0x168 build/string.o
                                        0x194 (size before relaxing)
 .eh_frame      0x00000000c001319c       0x90 build/bitmap.o
                                         0xbc (size before relaxing)
 .eh_frame      0x00000000c001322c      0x314 build/thread.o
                                        0x354 (size before relaxing)
 .eh_frame      0x00000000c0013540      0x148 build/list.o
                                        0x188 (size before relaxing)
 .eh_frame      0x00000000c0013688       0xd8 build/console.o
                                        0x118 (size before relaxing)
 .eh_frame      0x00000000c0013760       0xdc build/sync.o
                                        0x11c (size before relaxing)
 .eh_frame      0x00000000c001383c       0x68 build/keyboard.o
                                         0xa8 (size before relaxing)
 .eh_frame      0x00000000c00138a4      0x13c build/ioqueue.o
                                        0x17c (size before relaxing)
 .eh_frame      0x00000000c00139e0       0x6c build/tss.o
                                         0xac (size before relaxing)
 .eh_frame      0x00000000c0013a4c       0xd8 build/process.o
                                        0x118 (size before relaxing)
 .eh_frame      0x00000000c0013b24      0x3dc build/syscall.o
                                        0x408 (size before relaxing)
 .eh_frame      0x00000000c0013f00       0x48 build/syscall-init.o
                                         0x88 (size before relaxing)
 .eh_frame      0x00000000c0013f48       0x90 build/stdio.o
                                         0xd0 (size before relaxing)
 .eh_frame      0x00000000c0013fd8      0x27c build/ide.o
                                        0x2bc (size before relaxing)
 .eh_frame      0x00000000c0014254       0x28 build/stdio-kernel.o
                                         0x54 (size before relaxing)
 .eh_frame      0x00000000c001427c      0x3b0 build/fs.o
                                        0x3f0 (size before relaxing)
 .eh_frame      0x00000000c001462c      0x100 build/inode.o
                                        0x140 (size before relaxing)
 .eh_frame      0x00000000c001472c      0x178 build/file.o
                                        0x1cc (size before relaxing)
 .eh_frame      0x00000000c00148a4      0x17c build/dir.o
                                        0x1bc (size before relaxing)
 .eh_frame      0x00000000c0014a20       0xd8 build/fork.o
                                        0x118 (size before relaxing)
 .eh_frame      0x00000000c0014af8       0xac build/shell.o
                                         0xec (size before relaxing)
 .eh_frame      0x00000000c0014ba4       0x1c build/assert.o
                                         0x48 (size before relaxing)
 .eh_frame      0x00000000c0014bc0      0x19c build/buildin_cmd.o
                                        0x1dc (size before relaxing)
 .eh_frame      0x00000000c0014d5c       0x6c build/exec.o
                                         0x98 (size before relaxing)
 .eh_frame      0x00000000c0014dc8       0xd4 build/wait_exit.o
                                        0x114 (size before relaxing)
 .eh_frame      0x00000000c0014e9c       0xb8 build/pipe.o
                                         0xf8 (size before relaxing)
 *(.eh_frame.*)

.gcc_except_table
 *(.gcc_except_table .gcc_except_table.*)

.gnu_extab
 *(.gnu_extab*)

.exception_ranges
 *(.exception_ranges*)
                0x00000000c0016000                . = DATA_SEGMENT_ALIGN (CONSTANT (MAXPAGESIZE), CONSTANT (COMMONPAGESIZE))

.eh_frame
 *(.eh_frame)
 *(.eh_frame.*)

.gnu_extab
 *(.gnu_extab)

.gcc_except_table
 *(.gcc_except_table .gcc_except_table.*)

.exception_ranges
 *(.exception_ranges*)

.tdata          0x00000000c0016000        0x0
                [!provide]                        PROVIDE (__tdata_start = .)
 *(.tdata .tdata.* .gnu.linkonce.td.*)

.tbss
 *(.tbss .tbss.* .gnu.linkonce.tb.*)
 *(.tcommon)

.preinit_array  0x00000000c0016000        0x0
                [!provide]                        PROVIDE (__preinit_array_start = .)
 *(.preinit_array)
                [!provide]                        PROVIDE (__preinit_array_end = .)

.init_array     0x00000000c0016000        0x0
                [!provide]                        PROVIDE (__init_array_start = .)
 *(SORT_BY_INIT_PRIORITY(.init_array.*) SORT_BY_INIT_PRIORITY(.ctors.*))
 *(.init_array EXCLUDE_FILE(*crtend?.o *crtend.o *crtbegin?.o *crtbegin.o) .ctors)
                [!provide]                        PROVIDE (__init_array_end = .)

.fini_array     0x00000000c0016000        0x0
                [!provide]                        PROVIDE (__fini_array_start = .)
 *(SORT_BY_INIT_PRIORITY(.fini_array.*) SORT_BY_INIT_PRIORITY(.dtors.*))
 *(.fini_array EXCLUDE_FILE(*crtend?.o *crtend.o *crtbegin?.o *crtbegin.o) .dtors)
                [!provide]                        PROVIDE (__fini_array_end = .)

.ctors
 *crtbegin.o(.ctors)
 *crtbegin?.o(.ctors)
 *(EXCLUDE_FILE(*crtend?.o *crtend.o) .ctors)
 *(SORT_BY_NAME(.ctors.*))
 *(.ctors)

.dtors
 *crtbegin.o(.dtors)
 *crtbegin?.o(.dtors)
 *(EXCLUDE_FILE(*crtend?.o *crtend.o) .dtors)
 *(SORT_BY_NAME(.dtors.*))
 *(.dtors)

.jcr
 *(.jcr)

.data.rel.ro
 *(.data.rel.ro.local* .gnu.linkonce.d.rel.ro.local.*)
 *(.data.rel.ro .data.rel.ro.* .gnu.linkonce.d.rel.ro.*)

.dynamic
 *(.dynamic)

.got            0x00000000c0016000        0x0
 *(.got)
 .got           0x00000000c0016000        0x0 build/main.o
 *(.igot)
                0x00000000c0016ff4                . = DATA_SEGMENT_RELRO_END (., (SIZEOF (.got.plt) >= 0xc)?0xc:0x0)

.got.plt        0x00000000c0016000        0xc
 *(.got.plt)
 .got.plt       0x00000000c0016000        0xc build/main.o
                0x00000000c0016000                _GLOBAL_OFFSET_TABLE_
 *(.igot.plt)
 .igot.plt      0x00000000c001600c        0x0 build/main.o

.data           0x00000000c0016020      0x15c
 *(.data .data.* .gnu.linkonce.d.*)
 .data          0x00000000c0016020        0x0 build/main.o
 .data          0x00000000c0016020        0x0 build/init.o
 .data          0x00000000c0016020        0x0 build/interrupt.o
 .data          0x00000000c0016020        0x0 build/timer.o
 .data          0x00000000c0016020       0xd2 build/kernel.o
                0x00000000c0016032                intr_entry_table
 .data          0x00000000c00160f2        0x0 build/debug.o
 .data          0x00000000c00160f2        0x0 build/memory.o
 .data          0x00000000c00160f2        0x0 build/string.o
 .data          0x00000000c00160f2        0x0 build/bitmap.o
 .data          0x00000000c00160f2        0x0 build/thread.o
 .data          0x00000000c00160f2        0x0 build/list.o
 .data          0x00000000c00160f2        0x0 build/console.o
 .data          0x00000000c00160f2        0x0 build/sync.o
 *fill*         0x00000000c00160f2        0xe 
 .data          0x00000000c0016100       0x76 build/keyboard.o
 .data          0x00000000c0016176        0x0 build/ioqueue.o
 .data          0x00000000c0016176        0x0 build/tss.o
 .data          0x00000000c0016176        0x0 build/process.o
 .data          0x00000000c0016176        0x0 build/syscall.o
 .data          0x00000000c0016176        0x0 build/syscall-init.o
 .data          0x00000000c0016176        0x0 build/stdio.o
 .data          0x00000000c0016176        0x0 build/ide.o
 .data          0x00000000c0016176        0x0 build/stdio-kernel.o
 .data          0x00000000c0016176        0x0 build/fs.o
 .data          0x00000000c0016176        0x0 build/inode.o
 .data          0x00000000c0016176        0x0 build/file.o
 .data          0x00000000c0016176        0x0 build/dir.o
 .data          0x00000000c0016176        0x0 build/fork.o
 *fill*         0x00000000c0016176        0x2 
 .data          0x00000000c0016178        0x4 build/shell.o
                0x00000000c0016178                argc
 .data          0x00000000c001617c        0x0 build/assert.o
 .data          0x00000000c001617c        0x0 build/buildin_cmd.o
 .data          0x00000000c001617c        0x0 build/exec.o
 .data          0x00000000c001617c        0x0 build/wait_exit.o
 .data          0x00000000c001617c        0x0 build/pipe.o

.data1
 *(.data1)
                0x00000000c001617c                _edata = .
                [!provide]                        PROVIDE (edata = .)
                0x00000000c001617c                . = .
                0x00000000c001617c                __bss_start = .

.bss            0x00000000c0016180     0x1fe8
 *(.dynbss)
 *(.bss .bss.* .gnu.linkonce.b.*)
 .bss           0x00000000c0016180        0x0 build/main.o
 .bss           0x00000000c0016180        0x0 build/init.o
 .bss           0x00000000c0016180      0x408 build/interrupt.o
 .bss           0x00000000c0016588        0x0 build/timer.o
 .bss           0x00000000c0016588        0x0 build/debug.o
 .bss           0x00000000c0016588        0x4 build/memory.o
                0x00000000c0016588                page_table_add_num
 .bss           0x00000000c001658c        0x0 build/string.o
 .bss           0x00000000c001658c        0x0 build/bitmap.o
 *fill*         0x00000000c001658c       0x14 
 .bss           0x00000000c00165a0       0x84 build/thread.o
                0x00000000c00165a0                pid_bitmap_bits
 .bss           0x00000000c0016624        0x0 build/list.o
 .bss           0x00000000c0016624       0x1c build/console.o
 .bss           0x00000000c0016640        0x0 build/sync.o
 .bss           0x00000000c0016640       0x14 build/keyboard.o
 .bss           0x00000000c0016654        0x0 build/ioqueue.o
 *fill*         0x00000000c0016654        0xc 
 .bss           0x00000000c0016660       0x6c build/tss.o
 .bss           0x00000000c00166cc        0x0 build/process.o
 .bss           0x00000000c00166cc        0x0 build/syscall.o
 .bss           0x00000000c00166cc        0x0 build/syscall-init.o
 .bss           0x00000000c00166cc        0x0 build/stdio.o
 .bss           0x00000000c00166cc        0x6 build/ide.o
                0x00000000c00166cc                ext_lba_base
                0x00000000c00166d0                p_no
                0x00000000c00166d1                l_no
 .bss           0x00000000c00166d2        0x0 build/stdio-kernel.o
 .bss           0x00000000c00166d2        0x0 build/fs.o
 .bss           0x00000000c00166d2        0x0 build/inode.o
 .bss           0x00000000c00166d2        0x0 build/file.o
 .bss           0x00000000c00166d2        0x0 build/dir.o
 .bss           0x00000000c00166d2        0x0 build/fork.o
 *fill*         0x00000000c00166d2        0xe 
 .bss           0x00000000c00166e0      0x300 build/shell.o
                0x00000000c00166e0                final_path
                0x00000000c00168e0                cwd_cache
                0x00000000c0016920                argv
 .bss           0x00000000c00169e0        0x0 build/assert.o
 .bss           0x00000000c00169e0        0x0 build/buildin_cmd.o
 .bss           0x00000000c00169e0        0x0 build/exec.o
 .bss           0x00000000c00169e0        0x0 build/wait_exit.o
 .bss           0x00000000c00169e0        0x0 build/pipe.o
 *(COMMON)
 COMMON         0x00000000c00169e0      0x424 build/interrupt.o
                0x00000000c00169e0                intr_name
                0x00000000c0016c00                idt_table
 COMMON         0x00000000c0016e04        0x4 build/timer.o
                0x00000000c0016e04                ticks
 *fill*         0x00000000c0016e08       0x18 
 COMMON         0x00000000c0016e20      0x12c build/memory.o
                0x00000000c0016e20                user_pool
                0x00000000c0016e60                k_block_descs
                0x00000000c0016f08                kernel_vaddr
                0x00000000c0016f20                kernel_pool
 *fill*         0x00000000c0016f4c       0x14 
 COMMON         0x00000000c0016f60       0x6c build/thread.o
                0x00000000c0016f60                pid_pool
                0x00000000c0016f88                thread_ready_list
                0x00000000c0016f98                thread_all_list
                0x00000000c0016fa8                idle_thread
                0x00000000c0016fac                main_thread
                0x00000000c0016fb0                pid_lock
 *fill*         0x00000000c0016fcc       0x14 
 COMMON         0x00000000c0016fe0       0x6c build/keyboard.o
                0x00000000c0016fe0                kbd_buf
 *fill*         0x00000000c001704c       0x14 
 COMMON         0x00000000c0017060       0x80 build/syscall-init.o
                0x00000000c0017060                syscall_table
 COMMON         0x00000000c00170e0      0xcf0 build/ide.o
                0x00000000c00170e0                channel_cnt
                0x00000000c0017100                channels
                0x00000000c0017dc0                partition_list
 COMMON         0x00000000c0017dd0        0x4 build/fs.o
                0x00000000c0017dd0                cur_part
 *fill*         0x00000000c0017dd4        0xc 
 COMMON         0x00000000c0017de0      0x180 build/file.o
                0x00000000c0017de0                file_table
 COMMON         0x00000000c0017f60      0x208 build/dir.o
                0x00000000c0017f60                root_dir
                0x00000000c0018168                . = ALIGN ((. != 0x0)?0x4:0x1)
                0x00000000c0018168                . = ALIGN (0x4)
                0x00000000c0018168                . = SEGMENT_START ("ldata-segment", .)
                0x00000000c0018168                . = ALIGN (0x4)
                0x00000000c0018168                _end = .
                [!provide]                        PROVIDE (end = .)
                0x00000000c0018168                . = DATA_SEGMENT_END (.)

.stab
 *(.stab)

.stabstr
 *(.stabstr)

.stab.excl
 *(.stab.excl)

.stab.exclstr
 *(.stab.exclstr)

.stab.index
 *(.stab.index)

.stab.indexstr
 *(.stab.indexstr)

.comment        0x0000000000000000       0x29
 *(.comment)
 .comment       0x0000000000000000       0x29 build/main.o
                                         0x2a (size before relaxing)
 .comment       0x0000000000000029       0x2a build/init.o
 .comment       0x0000000000000029       0x2a build/interrupt.o
 .comment       0x0000000000000029       0x2a build/timer.o
 .comment       0x0000000000000029       0x2a build/debug.o
 .comment       0x0000000000000029       0x2a build/memory.o
 .comment       0x0000000000000029       0x2a build/string.o
 .comment       0x0000000000000029       0x2a build/bitmap.o
 .comment       0x0000000000000029       0x2a build/thread.o
 .comment       0x0000000000000029       0x2a build/list.o
 .comment       0x0000000000000029       0x2a build/console.o
 .comment       0x0000000000000029       0x2a build/sync.o
 .comment       0x0000000000000029       0x2a build/keyboard.o
 .comment       0x0000000000000029       0x2a build/ioqueue.o
 .comment       0x0000000000000029       0x2a build/tss.o
 .comment       0x0000000000000029       0x2a build/process.o
 .comment       0x0000000000000029       0x2a build/syscall.o
 .comment       0x0000000000000029       0x2a build/syscall-init.o
 .comment       0x0000000000000029       0x2a build/stdio.o
 .comment       0x0000000000000029       0x2a build/ide.o
 .comment       0x0000000000000029       0x2a build/stdio-kernel.o
 .comment       0x0000000000000029       0x2a build/fs.o
 .comment       0x0000000000000029       0x2a build/inode.o
 .comment       0x0000000000000029       0x2a build/file.o
 .comment       0x0000000000000029       0x2a build/dir.o
 .comment       0x0000000000000029       0x2a build/fork.o
 .comment       0x0000000000000029       0x2a build/shell.o
 .comment       0x0000000000000029       0x2a build/assert.o
 .comment       0x0000000000000029       0x2a build/buildin_cmd.o
 .comment       0x0000000000000029       0x2a build/exec.o
 .comment       0x0000000000000029       0x2a build/wait_exit.o
 .comment       0x0000000000000029       0x2a build/pipe.o

.gnu.build.attributes
 *(.gnu.build.attributes .gnu.build.attributes.*)

.debug
 *(.debug)

.line
 *(.line)

.debug_srcinfo
 *(.debug_srcinfo)

.debug_sfnames
 *(.debug_sfnames)

.debug_aranges
 *(.debug_aranges)

.debug_pubnames
 *(.debug_pubnames)

.debug_info
 *(.debug_info .gnu.linkonce.wi.*)

.debug_abbrev
 *(.debug_abbrev)

.debug_line
 *(.debug_line .debug_line.* .debug_line_end)

.debug_frame
 *(.debug_frame)

.debug_str
 *(.debug_str)

.debug_loc
 *(.debug_loc)

.debug_macinfo
 *(.debug_macinfo)

.debug_weaknames
 *(.debug_weaknames)

.debug_funcnames
 *(.debug_funcnames)

.debug_typenames
 *(.debug_typenames)

.debug_varnames
 *(.debug_varnames)

.debug_pubtypes
 *(.debug_pubtypes)

.debug_ranges
 *(.debug_ranges)

.debug_macro
 *(.debug_macro)

.debug_addr
 *(.debug_addr)

.gnu.attributes
 *(.gnu.attributes)

/DISCARD/
 *(.note.GNU-stack)
 *(.gnu_debuglink)
 *(.gnu.lto_*)
OUTPUT(build/kernel.bin elf32-i386)
